==================
WARNING: ThreadSanitizer: data race (pid=27433)
  Read of size 8 at 0x00010243ad60 by thread T13:
    #0 <null> <null> (missing_up_crosswarp:arm64+0x100003b28)
    #1 <null> <null> (missing_up_crosswarp:arm64+0x1000038a4)
    #2 <null> <null> (libclang_rt.tsan_osx_dynamic.dylib:arm64e+0x33b18)

  Previous write of size 8 at 0x00010243ad60 by thread T45:
    #0 <null> <null> (missing_up_crosswarp:arm64+0x100003c34)
    #1 <null> <null> (missing_up_crosswarp:arm64+0x1000038a4)
    #2 <null> <null> (libclang_rt.tsan_osx_dynamic.dylib:arm64e+0x33b18)

  Thread T13 (tid=7563270, running) created by main thread at:
    #0 <null> <null> (libclang_rt.tsan_osx_dynamic.dylib:arm64e+0x33bac)
    #1 <null> <null> (missing_up_crosswarp:arm64+0x1000036a0)
    #2 <null> <null> (missing_up_crosswarp:arm64+0x10000102c)
    #3 <null> <null> (missing_up_crosswarp:arm64+0x100001994)
    #4 <null> <null> (missing_up_crosswarp:arm64+0x10000189c)

  Thread T45 (tid=7563470, running) created by main thread at:
    #0 <null> <null> (libclang_rt.tsan_osx_dynamic.dylib:arm64e+0x33bac)
    #1 <null> <null> (missing_up_crosswarp:arm64+0x1000036a0)
    #2 <null> <null> (missing_up_crosswarp:arm64+0x10000102c)
    #3 <null> <null> (missing_up_crosswarp:arm64+0x100001994)
    #4 <null> <null> (missing_up_crosswarp:arm64+0x10000189c)

SUMMARY: ThreadSanitizer: data race (/private/var/folders/3p/1_ynj0ls64g0yk2ylxvbh69m0000gn/T/qsb-warp-checkpoint-3twa36pv/missing_up_crosswarp:arm64+0x100003b28) 
==================
