==================
WARNING: ThreadSanitizer: data race (pid=27441)
  Read of size 8 at 0x0001021e6610 by thread T291:
    #0 <null> <null> (missing_down_crosswarp:arm64+0x100004b7c)
    #1 <null> <null> (missing_down_crosswarp:arm64+0x10000433c)
    #2 <null> <null> (libclang_rt.tsan_osx_dynamic.dylib:arm64e+0x33b18)

  Previous write of size 8 at 0x0001021e6610 by thread T259:
    #0 <null> <null> (missing_down_crosswarp:arm64+0x100004c94)
    #1 <null> <null> (missing_down_crosswarp:arm64+0x10000433c)
    #2 <null> <null> (libclang_rt.tsan_osx_dynamic.dylib:arm64e+0x33b18)

  Thread T291 (tid=7570507, running) created by main thread at:
    #0 <null> <null> (libclang_rt.tsan_osx_dynamic.dylib:arm64e+0x33bac)
    #1 <null> <null> (missing_down_crosswarp:arm64+0x100004138)
    #2 <null> <null> (missing_down_crosswarp:arm64+0x1000013e0)
    #3 <null> <null> (missing_down_crosswarp:arm64+0x100001994)
    #4 <null> <null> (missing_down_crosswarp:arm64+0x10000189c)

  Thread T259 (tid=7570475, running) created by main thread at:
    #0 <null> <null> (libclang_rt.tsan_osx_dynamic.dylib:arm64e+0x33bac)
    #1 <null> <null> (missing_down_crosswarp:arm64+0x100004138)
    #2 <null> <null> (missing_down_crosswarp:arm64+0x100003f2c)
    #3 <null> <null> (missing_down_crosswarp:arm64+0x100001440)
    #4 <null> <null> (missing_down_crosswarp:arm64+0x100001994)
    #5 <null> <null> (missing_down_crosswarp:arm64+0x10000189c)

SUMMARY: ThreadSanitizer: data race (/private/var/folders/3p/1_ynj0ls64g0yk2ylxvbh69m0000gn/T/qsb-warp-checkpoint-3twa36pv/missing_down_crosswarp:arm64+0x100004b7c) 
==================
